# Julius' German Programmer Dvorak Layout
# "Djorak"
# Developed by Julius R. Schlensok
# <julius@schlensok.org>
# <julius.schlensok@tum.de>
# v1.0 10/5/2019
# github.com/jschlensok/djorak_linux
# schlensok.org/keyboard
#
keymaps 0-2,4-6,8-10,12
alt_is_meta
include "linux-with-alt-and-altgr.inc"
strings as usual
#
#             Normal           Shift            AltGr           Strg
#
# Row 0
keycode   1 = Escape
#
# Row 1
keycode  41 = dollar			asciitilde		
keycode   2 = ampersand			percent
keycode   3 = bracketleft		one
keycode   4 = braceleft			two					quotedbl
keycode   5 = braceright		three				apostrophe
keycode   6 = parenleft			four
keycode   7 = equal				five
keycode   8 = asterisk			six
keycode   9 = parenright		seven
keycode  10 = plus				eight
keycode  11 = bracketright		nine
keycode  12 = exclam			zero
keycode  13 = numbersign		acute				grave
keycode  14 = Delete
#
# Row 2
keycode  15 = Tab
keycode  16 = colon 	   	  	semicolon
keycode  17 = comma        	  	less
keycode  18 = period         	greater
keycode  19 = p
keycode  20 = y
keycode  21 = f
keycode  22 = g
keycode  23 = c
keycode  24 = t
keycode  25 = z
keycode  26 = slash          	question			backslash
keycode  27 = at             	asciicircum			degree
keycode  28 = Return
#
# Row 3
keycode  58 = Caps_Lock
keycode  30 = a
keycode  31 = o
keycode  32 = e
keycode  33 = i
keycode  34 = u
keycode  35 = h
keycode  36 = d
keycode  37 = r
keycode  38 = n
keycode  39 = s
keycode  40 = l
keycode  43 = ü
#
# Row 4
keycode  42 = Shift
keycode  86 = ä VoidSymbol ssharp
keycode  44 = ö
keycode  45 = q
keycode  46 = j
keycode  47 = k
keycode  48 = x
keycode  49 = b
keycode  50 = m
keycode  51 = w
keycode  52 = v
keycode  53 = minus          underscore
keycode  54 = Shift
#
# Row 5
keycode  29 = Control
keycode  56 = Alt
keycode  57 = space
keycode  97 = Control
